=== SHIPPED V0.5 ===
[PASS  ] S1               :: Mint rate is fixed at P0*LTV=0.0072 DUSD/DERO regardless of spot; covered by unified claim (coverage>=1 at genesis). Parity abuse shifts to where the minted DUSD can be spent - see S3/S4.
[PASS  ] S2               :: Post-crash coverage 0.177 (spot 0.00057). Fresh mint at FIXED P0 blocked=True. If allowed, redeem realized 0.00 for a 100k deposit, ROE 0.0000%.
         metrics: {'pre_cov': 0.176777, 'spot': 0.000569, 'mint_blocked': True, 'roe': 0.0, 'realized': 0.0, 'gate': 1.0}
[WEAK  ] S3               :: Swap 'pump' moves spot up (X down, Y up); P_risk lags. Coverage moved by +0.404062. Redemption realized vs claimed: redeem target=215.4600 paid=215.4600.
         metrics: {'cov_delta': 0.404062, 'pre_cov': 1.489222, 'post_cov': 1.893284, 'target': 215.46, 'paid': 215.46, 'cf': 1.0}
[PASS  ] S4               :: Self-funded pump-and-redeem P&L: net DERO -399053.56, wallet DUSD 2382.84. Round trip pays fee+slip twice; no free value found.
         metrics: {'pnl_dero': -399053.5574, 'pnl_dusd': 2382.8426, 'pre_cov': 1.44534}
[FAIL  ] S5               :: [shipped] Pump: P_spot 0.07286 vs TWAP 0.01000 (wedge x7.29). Forced 7 circular redeems drained pool DUSD (..->0.000), then the DERO tier paid 43066.14 DERO settled at 0.010000 while exit spot is 0.07286 -> pool subsidy to the redeemer 2706.92 DERO-equivalent. Internal spot-after-drain 0.000000 (col
         metrics: {'subsidy': 2706.92381, 'dero_leg': 43066.1448, 'pump_spot': 0.072855, 'pump_twap': 0.01, 'settle': 0.01, 'exit_price': 0.072855, 'n_circular': 7, 'pool_dusd_after': 0.0, 'pool_dero_after': 0.0, 'spot_after_drain': 0.0}
[WEAK  ] S5b              :: Redemption-priced-at-P_risk loop: pump leg paid 430.9200 / claimed 430.9200; then dump+redeem linked 244736 DDERO back to 119.95 DUSD. Net arb wallet DUSD+DERO@spot=47305.69 (spent 300k deposit).
         metrics: {'pump_paid': 430.92, 'pump_tw': 0.01, 'pump_spot': 0.01}
[PASS  ] S6               :: coverage=0.1217 run: 20 users redeemed; cf drift 0.015481 (min 0.1217 -> max 0.1372); first paid 43.70 (unpaid 0.0000), last paid 49.26 (unpaid 0.0000); first-vs-last bar spread 0.000000. Unpaid ==0.
         metrics: {'cf_spread': 0.015481, 'first_adv': 0.0, 'theft': False, 'first_unpaid': 0.0, 'last_unpaid': 0.0, 'pre_cov': 0.12169, 'n': 20, 'end_S': 1018.0, 'end_cov': 0.14201}
[PASS  ] S7               :: Redemption drained 1436.4000 of real value but NAV dropped only 1436.4000 (gap -0.0000). Collateral settled at full P while counted at H*P=0.9P: haircut does not survive settlement, overstating remaining solvency by the gap.
         metrics: {'overpay_gap': -0.0, 'drain': 1436.4, 'nav_drop': 1436.4, 'pre_cov': 4.875929, 'post_cov': 10.423344, 'cov_drift': 5.547414, 'paid_dero': 133544.246336, 'paid_dusd': 100.957537, 'unpaid': 0.0}
[PASS  ] S23              :: Unified NAV with no haircut 4123.795313 vs physical single-counted units 4123.795313 (gap 0.00000000). Haircut variant NAV 3916.133682 vs units 4123.795313 (gap -207.66163129, haircut budget consumed there).
         metrics: {'gap_unhaircut': 0.0, 'gap_haired': -207.661631, 'units': 4123.795313, 'S': 2440.0, 'p': 0.010402}
[FAIL  ] S9/S10           :: [shipped] POL-origin recursion: POL DERO X 88040.07 -> 47139.56 after 8 cycles (drain 46.5% -> still draining); NAV/real 0.9364 (haircut floor, not the signal); coverage drift 0.084 across cycles. fresh addresses bypass per-address provenance; cycle is only rate-limited, not stopped.
         metrics: {'X0': 88040.06959, 'Xn': 47139.561632, 'drain': 0.464567, 'cycles': 8, 'nav_per_real': 0.936396, 'cov_drift': 0.08377, 'recursing': True, 'fixed': False, 'history': [{'cycle': 0, 'X': 88040.06959003632, 'Y': 1149.313816, 'S': 3304.0, 'cov': 1.4844285889528945, 'nav': 4904.552057900363, 'vault': 319424.0, 'spot': 0.013054440112915022, 'twap': 0.01}, {'cycle': 1, 'X': 78312.63560871776, 'Y': 1293.227632, 'S': 3448.0, 'cov': 1.4880988656233742, 'nav': 5130.964888669394, 'vault': 339396.42317580176, 'spot': 0.016513652259917532, 'twap': 0.01}, {'cycle': 2, 'X': 70526.64890120595, 'Y': 1437.141448, 'S': 3592.0, 'cov': 1.4968942601048907, 'nav': 5376.844182296767, 'vault': 359374.6230316342, 'spot': 0.020377282493786914, 'twap': 0.01}, {'cycle': 3, 'X': 64153.14763545328, 'Y': 1581.055264, 'S': 3736.0, 'cov': 1.508802337003815, 'nav': 5636.885531046253, 'vault': 379356.95629907993, 'spot': 0.02464501466060963, 'twap': 0.01}]}
[PASS  ] S11              :: Insurance churn adds 2.618809 DUSD of insurance but the attacker paid the fees; redemption returns claim 3478.3896 (paid 3478.3896). No net extraction.
         metrics: {'ins_gain': 2.618809, 'paid': 3478.389615, 'target': 3478.389615}
[PASS  ] S12              :: Mint coverage gate: swept MIN_COVERAGE; gate binds only near the boundary & blocks fresh mints when proposed coverage would dip below.
[PASS  ] S13              :: Lock curve T(u) monotonic, bounded [30,1095]: u=0.0001->30.116d; u=0.01->45.0d; u=0.1->180.0d; u=0.25->351.755d; u=0.5->535.192d ... ; u->inf bound ok=True
         metrics: {'rows': [(0.0001, 30.116), (0.01, 45.0), (0.1, 180.0), (0.25, 351.755), (0.5, 535.192), (1.0, 725.365), (2.0, 878.606), (5.0, 1001.216), (10.0, 1047.851), (100.0, 1090.718), (1000.0, 1094.626), (10000.0, 1094.967)], 'bounded': True}
[FAIL  ] S16              :: [shipped] Uint64 audit: AMM numerator X*eff exceeds U64 (must use div-before-mul)
         metrics: {'problems': ['AMM numerator X*eff exceeds U64 (must use div-before-mul)'], 'notes': [], 'u64_max': 18446744073709551615}
[WEAK  ] S17              :: TWAP: a 250k DERO dump moved spot 0.0100->0.0008 (-91.8%) while TWAP moved to 0.010000. TWAP chases spot with ~14-block 50% convergence window - gives a redemption wedge until convergence.
         metrics: {'spot_before': 0.01, 'spot_after': 0.000825, 'twap_before': 0.01, 'half_life': 14}
[PASS  ] S18              :: Withdraw: early attempt blocked=True; post-expiry withdrawn ok=True. Vault collateral after=71820.0.
         metrics: {'lock': 444.467764, 'blocked_early': True, 'ok_late': True, 'leak': 0.0}
[PASS  ] S8               :: Two mints on one address: first C=100k, withdrew 28000 after 512 days lock; re-mint blocked_by_provenance=False (provenance FIX off by default, the on-address rule is opt-in). Realised debt-CR=0.921, S=1921.6, coverage=1.510.
         metrics: {'withdrawn': 28000.0, 'debt_cr': 0.921419, 'provenance_blocked': False, 'S': 1921.6, 'cov': 1.510478}
[WEAK  ] S14              :: 10 early backers minted 200k, whale mints 400k late. After a 10 DUSD fee event, whale captured 73.4% of backer fees (7.4071/10.0900). Weight gives late-but-big backers outsized share, but they also lock equivalent collateral - fee-share is proportional to locked collateral*lock, not to maturity.
         metrics: {'whale_share': 7.407107, 'total_fees': 10.09, 'share_pct': 0.734104}
[PASS  ] S15              :: Executed swap fee 0.9000 = depth+growth 0.7200 + ins 0.0450 + backers 0.1350 (sum 0.9000, ok=True); insurance DUSD 0.045000 (target 0.045000, ok=True); ledger audit ok=True. Native-unit split conserved exactly.
         metrics: {'executed': True, 'sum_ok': True, 'ins_ok': True, 'ledger_ok': True, 'backers_to': 0.135, 'ins': 0.045}
[PASS  ] S19              :: Minted at 60k; repaid 430.92 DUSD, withdrew 59892.00 DERO; position cleared=True, user DUSD after=0.0 (spent paying debt), user DERO retained 99892.00 (100k minus POL seed 108.00). No residual claims on this vault; pool/bootstrap DUSD (1001.1) stays by design, outstanding S=1001.08.
         metrics: {'cleared': True, 'dusd_repaid': True, 'repaid': 430.92, 'withdrawn': 59892.0, 'retained': 99892.0, 'S': 1001.08}
[PASS  ] S3b              :: Posts-crash fresh mint at each MIN_COVERAGE (cov 0.061): g=1.0 -> BLOCKED (coverage_gate); g=1.05 -> BLOCKED (coverage_gate); g=1.1 -> BLOCKED (coverage_gate); g=1.2 -> BLOCKED (coverage_gate). The fixed-P0 mint is gated off whenever proposed coverage < gate; the extent to which that holds under ext
         metrics: {'rows': [{'gate': 1.0, 'cov': 0.061366314178617355, 'blocked': True, 'reason': 'coverage_gate'}, {'gate': 1.05, 'cov': 0.061366314178617355, 'blocked': True, 'reason': 'coverage_gate'}, {'gate': 1.1, 'cov': 0.061366314178617355, 'blocked': True, 'reason': 'coverage_gate'}, {'gate': 1.2, 'cov': 0.061366314178617355, 'blocked': True, 'reason': 'coverage_gate'}], 'all_blocked': True}
[PASS  ] S24              :: Whale redeemed at cf=0.005343 (paid 34.53, unpaid 0.00); 100 small holders later redeemed at mean cf=0.005343. Gap -0.00000000.
         metrics: {'whale_cf': 0.005343, 'small_mean_cf': 0.005343, 'gap': -0.0, 'whale_unpaid': 0.0}
[MIXED ] S25              :: 90/95% crash + full run: mint gate banned new mints=True; total claimed 4309.20 refunded 89.43 (haircut 97.92%). Residual S=1010.80, bad-debt 0.0000.
         metrics: {'mint_banned': True, 'haircut': 0.020752, 'residual_S': 1010.8, 'bad_debt': 0.0, 'end_cov': 0.020752}
[PASS  ] I1-I20           :: Arithmetic & ledger invariants hold.
         metrics: {'checks': {'I4 coverage>=0': True, 'I6 claim_factor<=1': True, 'I7 remaining DUSD<=S': True, 'I8 no_free_value': True, 'I13 collateral fully counted': True}, 'snapshot': {'S': 4592.0, 'pool_dero': 92268.43639953411, 'pool_dusd': 1094.975650015385, 'ins_dero': 0.07500000000000001, 'ins_dusd': 0.015, 'vault_dero': 499160.7378561894, 'debt': 3591.0, 'nav': 7609.17051543088, 'coverage': 1.6570493282732752, 'claim_factor': 1.0, 'twap': 0.012029587017454064, 'spot': 0.011867283035706822, 'bad_debt': 0.0, 'insurance_used': 0.0, 'block': 9340, 'time': 2.0}}

=== V0.5.1 CONFIG (fixes ON) ===
[PASS  ] S5-FIXED         :: [V0.5.1] Pump: P_spot 0.07286 vs TWAP 0.01000 (wedge x7.29). Forced 7 circular redeems drained pool DUSD (..->0.000), then the DERO tier paid 43066.14 DERO settled at 0.072855 while exit spot is 0.07286 -> pool subsidy to the redeemer 0.00 DERO-equivalent. Int
         metrics: {'subsidy': 0.0, 'dero_leg': 43066.1448, 'pump_spot': 0.072855, 'pump_twap': 0.01, 'settle': 0.072855, 'exit_price': 0.072855, 'n_circular': 7, 'pool_dusd_after': 0.0, 'pool_dero_after': 0.0, 'spot_after_drain': 0.0}
[PASS  ] S9/S10-FIXED     :: [V0.5.1] POL-origin recursion: POL DERO X 88040.07 -> 88233.11 after 8 cycles (drain -0.2% -> bounded); NAV/real 0.9307 (haircut floor, not the signal); coverage drift 0.054 across cycles. mint_price=twap + POL drawdown guard stop the fixed-P0 discount and cap
         metrics: {'X0': 88040.06959, 'Xn': 88233.107359, 'drain': -0.002193, 'cycles': 8, 'nav_per_real': 0.930698, 'cov_drift': 0.054172, 'recursing': False, 'fixed': True, 'history': [{'cycle': 0, 'X': 88040.06959003632, 'Y': 1149.313816, 'S': 3304.0, 'cov': 1.4844285889528945, 'nav': 4904.552057900363, 'vault': 319424.0, 'spot': 0.013054440112915022, 'twap': 0.01}, {'cycle': 1, 'X': 88067.64641423454, 'Y': 1149.673816, 'S': 3448.0, 'cov': 1.4747504741080513, 'nav': 5084.939634724561, 'vault': 339396.42317580176, 'spot': 0.01305444011291502, 'twap': 0.01}, {'cycle': 2, 'X': 88095.22323843275, 'Y': 1150.033816, 'S': 3592.0, 'cov': 1.4658483328365144, 'nav': 5265.32721154876, 'vault': 359368.84635160357, 'spot': 0.01305444011291502, 'twap': 0.01}, {'cycle': 3, 'X': 88122.80006263097, 'Y': 1150.3938159999998, 'S': 3736.0, 'cov': 1.4576324380013272, 'nav': 5445.7147883729585, 'vault': 379341.2695274054, 'spot': 0.013054440112915018, 'twap': 0.01}]}
[PASS  ] S16-FIXED        :: [V0.5.1] Uint64 audit: no overflow with div-before-mul + cap discipline.; amm_cap=184467440 atoms (=1845 DERO) per swap makes X*eff <= U64MAX: True
         metrics: {'problems': [], 'notes': ['amm_cap=184467440 atoms (=1845 DERO) per swap makes X*eff <= U64MAX: True'], 'u64_max': 18446744073709551615}
